******************************************************************************
                  TI ARM Linker PC v18.1.4                     
******************************************************************************
>> Linked Sat Apr 13 19:39:33 2019

OUTPUT FILE NAME:   <ShredCam3000_V0.01.out>
ENTRY POINT SYMBOL: "_c_int00_noargs"  address: 0000362d


MEMORY CONFIGURATION

         name            origin    length      used     unused   attr    fill
----------------------  --------  ---------  --------  --------  ----  --------
  MAIN                  00000000   00040000  0000392b  0003c6d5  R  X
  INFO                  00200000   00004000  00000000  00004000  R  X
  SRAM_CODE             01000000   00010000  0000123a  0000edc6  RW X
  SRAM_DATA             20000000   00010000  0000123a  0000edc6  RW  


SEGMENT ALLOCATION MAP

run origin  load origin   length   init length attrs members
----------  ----------- ---------- ----------- ----- -------
00000000    00000000    00003930   00003930    r-x
  00000000    00000000    000000e4   000000e4    r-- .intvecs
  000000e4    000000e4    00003714   00003714    r-x .text
  000037f8    000037f8    00000103   00000103    r-- .const
  00003900    00003900    00000030   00000030    r-- .cinit
20000000    20000000    0000103c   00000000    rw-
  20000000    20000000    00001032   00000000    rw- .bss
  20001034    20001034    00000008   00000000    rw- .data
2000fe00    2000fe00    00000200   00000000    rw-
  2000fe00    2000fe00    00000200   00000000    rw- .stack


SECTION ALLOCATION MAP

 output                                  attributes/
section   page    origin      length       input sections
--------  ----  ----------  ----------   ----------------
.intvecs   0    00000000    000000e4     
                  00000000    000000e4     startup_msp432p401r_ccs.obj (.intvecs:retain)

.text      0    000000e4    00003714     
                  000000e4    00000a5e     rtsv7M4_T_le_v4SPD16_eabi.lib : _printfi.c.obj (.text:__TI_printfi)
                  00000b42    00000002                                   : div0.asm.obj (.text)
                  00000b44    00000928     flash.obj (.text)
                  0000146c    0000050c     bluetooth.obj (.text)
                  00001978    00000338     main.obj (.text)
                  00001cb0    00000334     system_msp432p401r.obj (.text)
                  00001fe4    00000270     rtsv7M4_T_le_v4SPD16_eabi.lib : _printfi.c.obj (.text:_pconv_a)
                  00002254    00000220     spi.obj (.text)
                  00002474    000001d0     rtsv7M4_T_le_v4SPD16_eabi.lib : _printfi.c.obj (.text:_pconv_g)
                  00002644    000001b6                                   : fd_add_t2.asm.obj (.text)
                  000027fa    00000002     --HOLE-- [fill = 0]
                  000027fc    00000194     usb_uart.obj (.text)
                  00002990    0000013c     rtsv7M4_T_le_v4SPD16_eabi.lib : _printfi.c.obj (.text:_pconv_e)
                  00002acc    00000136                                   : fd_div_t2.asm.obj (.text)
                  00002c02    00000002     --HOLE-- [fill = 0]
                  00002c04    00000124                                   : _printfi.c.obj (.text:fcvt)
                  00002d28    00000110                                   : s_scalbn.c.obj (.text:scalbn)
                  00002e38    000000fc                                   : fd_mul_t2.asm.obj (.text)
                  00002f34    000000b1                                   : _printfi.c.obj (.text:_ltostr)
                  00002fe5    00000001     --HOLE-- [fill = 0]
                  00002fe6    0000009c                                   : memcpy_t2.asm.obj (.text)
                  00003082    00000096                                   : ull_div_t2.asm.obj (.text)
                  00003118    00000086                                   : fd_cmp_t2.asm.obj (.text:__aeabi_cdcmple)
                  0000319e    00000086                                   : fd_cmp_t2.asm.obj (.text:__aeabi_cdrcmple)
                  00003224    0000007a                                   : memset_t2.asm.obj (.text)
                  0000329e    0000006e                                   : _printfi.c.obj (.text:_mcpy)
                  0000330c    00000068                                   : copy_decompress_lzss.c.obj (.text:decompress:lzss:__TI_decompress_lzss)
                  00003374    00000064                                   : s_frexp.c.obj (.text:frexp)
                  000033d8    00000056                                   : _printfi.c.obj (.text:_pconv_f)
                  0000342e    00000054                                   : ltoa.c.obj (.text:ltoa)
                  00003482    00000052                                   : _printfi.c.obj (.text:_ecpy)
                  000034d4    0000004c                                   : atoi.c.obj (.text:atoi)
                  00003520    00000048                                   : fd_toi_t2.asm.obj (.text)
                  00003568    00000044                                   : autoinit.c.obj (.text:__TI_auto_init_nobinit_nopinit:__TI_auto_init_nobinit_nopinit)
                  000035ac    00000040                                   : sprintf.c.obj (.text:sprintf)
                  000035ec    0000003e                                   : _printfi.c.obj (.text:_fcpy)
                  0000362a    00000002     --HOLE-- [fill = 0]
                  0000362c    00000038                                   : boot_cortex_m.c.obj (.text:_c_int00_noargs:_c_int00_noargs)
                  00003664    00000036                                   : strncpy.c.obj (.text:strncpy)
                  0000369a    00000034                                   : strstr.c.obj (.text:strstr)
                  000036ce    0000002e                                   : i_tofd_t2.asm.obj (.text)
                  000036fc    0000001e                                   : strcat.c.obj (.text:strcat)
                  0000371a    0000001c                                   : memccpy.c.obj (.text:memccpy)
                  00003736    00000018                                   : sprintf.c.obj (.text:_outs)
                  0000374e    00000018                                   : strcmp.c.obj (.text:strcmp)
                  00003766    00000016                                   : strchr.c.obj (.text:strchr)
                  0000377c    00000014                                   : s_copysign.c.obj (.text:copysign)
                  00003790    00000014                                   : strlen.c.obj (.text:strlen)
                  000037a4    00000012                                   : wcslen.c.obj (.text:wcslen)
                  000037b6    0000000e                                   : copy_decompress_none.c.obj (.text:decompress:none:__TI_decompress_none)
                  000037c4    0000000e     startup_msp432p401r_ccs.obj (.text)
                  000037d2    0000000c     rtsv7M4_T_le_v4SPD16_eabi.lib : copy_zero_init.c.obj (.text:decompress:ZI:__TI_zero_init)
                  000037de    0000000a                                   : sprintf.c.obj (.text:_outc)
                  000037e8    00000008                                   : errno.c.obj (.text:__aeabi_errno_addr)
                  000037f0    00000004                                   : pre_init.c.obj (.text:_system_pre_init)
                  000037f4    00000004                                   : exit.c.obj (.text:abort:abort)

.const     0    000037f8    00000103     
                  000037f8    00000101     rtsv7M4_T_le_v4SPD16_eabi.lib : ctype.c.obj (.const:.string:_ctypes_)
                  000038f9    00000002     flash.obj (.const:.string:$P$T0$1)

.cinit     0    00003900    00000030     
                  00003900    0000000c     (__TI_handler_table)
                  0000390c    0000000b     (.cinit..data.load) [load image, compression = lzss]
                  00003917    00000001     --HOLE-- [fill = 0]
                  00003918    00000008     (.cinit..bss.load) [load image, compression = zero_init]
                  00003920    00000010     (__TI_cinit_table)

.init_array 
*          0    00000000    00000000     UNINITIALIZED

.binit     0    00000000    00000000     

.bss       0    20000000    00001032     UNINITIALIZED
                  20000000    00000400     (.common:BLERxBuffer)
                  20000400    00000400     (.common:SPI_RXBuff)
                  20000800    00000400     (.common:SPI_TXBuff)
                  20000c00    00000400     (.common:USBRxBuffer)
                  20001000    00000004     (.common:BLEFlag)
                  20001004    00000004     (.common:BLERxReadIndex)
                  20001008    00000004     (.common:BLERxWriteIndex)
                  2000100c    00000004     (.common:BattInt)
                  20001010    00000004     (.common:ConnTimeout)
                  20001014    00000004     (.common:PanelInt)
                  20001018    00000004     (.common:ProxInt)
                  2000101c    00000004     (.common:USBFlag)
                  20001020    00000004     (.common:USBRxReadIndex)
                  20001024    00000004     (.common:USBRxWriteIndex)
                  20001028    00000002     (.common:SPI_RXReadIndex)
                  2000102a    00000002     (.common:SPI_RXWrtIndex)
                  2000102c    00000002     (.common:SPI_TXReadIndex)
                  2000102e    00000002     (.common:SPI_TXWrtIndex)
                  20001030    00000001     (.common:SPI_RXFlag)
                  20001031    00000001     (.common:SPI_TXFlag)

.data      0    20001034    00000008     UNINITIALIZED
                  20001034    00000004     rtsv7M4_T_le_v4SPD16_eabi.lib : errno.c.obj (.data)
                  20001038    00000004     system_msp432p401r.obj (.data)

.stack     0    2000fe00    00000200     UNINITIALIZED
                  2000fe00    00000004     rtsv7M4_T_le_v4SPD16_eabi.lib : boot_cortex_m.c.obj (.stack)
                  2000fe04    000001fc     --HOLE--

MODULE SUMMARY

       Module                        code    ro data   rw data
       ------                        ----    -------   -------
    .\
       flash.obj                     2344    2         4116   
       bluetooth.obj                 1292    0         2072   
       main.obj                      824     0         2072   
       system_msp432p401r.obj        820     0         8      
       spi.obj                       544     0         0      
       usb_uart.obj                  404     0         0      
       startup_msp432p401r_ccs.obj   14      228       0      
       ADC.obj                       0       0         32     
    +--+-----------------------------+-------+---------+---------+
       Total:                        6242    230       8300   
                                                              
    C:\ti\ccsv8\tools\compiler\ti-cgt-arm_18.1.4.LTS\lib\rtsv7M4_T_le_v4SPD16_eabi.lib
       _printfi.c.obj                4867    0         0      
       fd_add_t2.asm.obj             438     0         0      
       fd_div_t2.asm.obj             310     0         0      
       s_scalbn.c.obj                272     0         0      
       fd_cmp_t2.asm.obj             268     0         0      
       ctype.c.obj                   0       257       0      
       fd_mul_t2.asm.obj             252     0         0      
       memcpy_t2.asm.obj             156     0         0      
       ull_div_t2.asm.obj            150     0         0      
       memset_t2.asm.obj             122     0         0      
       copy_decompress_lzss.c.obj    104     0         0      
       s_frexp.c.obj                 100     0         0      
       sprintf.c.obj                 98      0         0      
       ltoa.c.obj                    84      0         0      
       atoi.c.obj                    76      0         0      
       fd_toi_t2.asm.obj             72      0         0      
       autoinit.c.obj                68      0         0      
       boot_cortex_m.c.obj           56      0         0      
       strncpy.c.obj                 54      0         0      
       strstr.c.obj                  52      0         0      
       i_tofd_t2.asm.obj             46      0         0      
       strcat.c.obj                  30      0         0      
       memccpy.c.obj                 28      0         0      
       strcmp.c.obj                  24      0         0      
       strchr.c.obj                  22      0         0      
       s_copysign.c.obj              20      0         0      
       strlen.c.obj                  20      0         0      
       wcslen.c.obj                  18      0         0      
       errno.c.obj                   8       0         8      
       copy_decompress_none.c.obj    14      0         0      
       copy_zero_init.c.obj          12      0         0      
       exit.c.obj                    4       0         0      
       pre_init.c.obj                4       0         0      
       div0.asm.obj                  2       0         0      
    +--+-----------------------------+-------+---------+---------+
       Total:                        7851    257       8      
                                                              
       Stack:                        0       0         1024   
       Linker Generated:             0       47        0      
    +--+-----------------------------+-------+---------+---------+
       Grand Total:                  14093   534       9332   


LINKER GENERATED COPY TABLES

__TI_cinit_table @ 00003920 records: 2, size/record: 8, table size: 16
	.data: load addr=0000390c, load size=0000000b bytes, run addr=20001034, run size=00000008 bytes, compression=lzss
	.bss: load addr=00003918, load size=00000008 bytes, run addr=20000000, run size=00001032 bytes, compression=zero_init


LINKER GENERATED HANDLER TABLE

__TI_handler_table @ 00003900 records: 3, size/record: 4, table size: 12
	index: 0, handler: __TI_decompress_lzss
	index: 1, handler: __TI_decompress_none
	index: 2, handler: __TI_zero_init


GLOBAL SYMBOLS: SORTED ALPHABETICALLY BY Name 

address   name                          
-------   ----                          
00001bef  ADC14_IRQHandler              
00001bef  ADC14_IRQHandler              
000037d1  AES256_IRQHandler             
20001000  BLEFlag                       
20000000  BLERxBuffer                   
20001004  BLERxReadIndex                
20001008  BLERxWriteIndex               
0000152d  BLE_CheckConnStatus           
000015a9  BLE_EchoBack                  
000014d7  BLE_Init                      
0000163d  BLE_RunCommand                
000016cb  BLE_SendTimestamp             
0000176d  BLE_SetTime                   
2000100c  BattInt                       
000037d1  BusFault_Handler              
000037f5  C$$EXIT                       
000037d1  COMP_E0_IRQHandler            
000037d1  COMP_E1_IRQHandler            
000037d1  CS_IRQHandler                 
20001010  ConnTimeout                   
000037d1  DMA_ERR_IRQHandler            
000037d1  DMA_INT0_IRQHandler           
000037d1  DMA_INT1_IRQHandler           
000037d1  DMA_INT2_IRQHandler           
000037d1  DMA_INT3_IRQHandler           
000037d1  DebugMon_Handler              
000037d1  Default_Handler               
00001b51  EUSCIA0_IRQHandler            
00001b51  EUSCIA0_IRQHandler            
000037d1  EUSCIA1_IRQHandler            
00001b87  EUSCIA2_IRQHandler            
00001b87  EUSCIA2_IRQHandler            
00001bbd  EUSCIA3_IRQHandler            
00001bbd  EUSCIA3_IRQHandler            
000037d1  EUSCIB0_IRQHandler            
000037d1  EUSCIB1_IRQHandler            
000037d1  EUSCIB2_IRQHandler            
000037d1  EUSCIB3_IRQHandler            
000037d1  FLCTL_IRQHandler              
000037d1  FPU_IRQHandler                
00000f93  Flash_DeleteFile              
00001191  Flash_DisplayIndex            
00000da1  Flash_FindOpenAddr            
00000d2b  Flash_FormatDevice            
00000b45  Flash_GetDeviceID             
00000d57  Flash_GetMaxIndex             
000010d1  Flash_GetMemSize              
00000cf7  Flash_GetStatus               
0000130f  Flash_GetTimestamp            
00001137  Flash_ParseTitle              
00001269  Flash_RTCInit                 
00000c75  Flash_ReadData                
00000eff  Flash_ReadFile                
0000136b  Flash_ReadLastTimeStamps      
00000e11  Flash_StoreFile               
00000bc1  Flash_WriteData               
00001383  Flash_WriteNewTimeStamp       
000037d1  HardFault_Handler             
00001a6b  InitHardware                  
00001aaf  InitSoftware                  
000037d1  MemManage_Handler             
000037d1  NMI_Handler                   
000037d1  PCM_IRQHandler                
000037d1  PORT1_IRQHandler              
000037d1  PORT2_IRQHandler              
000037d1  PORT3_IRQHandler              
000037d1  PORT4_IRQHandler              
000037d1  PORT5_IRQHandler              
000037d1  PORT6_IRQHandler              
000037d1  PSS_IRQHandler                
20001014  PanelInt                      
000037d1  PendSV_Handler                
20001018  ProxInt                       
00001aff  RTC_C_IRQHandler              
00001aff  RTC_C_IRQHandler              
000037c5  Reset_Handler                 
00002281  SPI_PortInit                  
20000400  SPI_RXBuff                    
20001030  SPI_RXFlag                    
20001028  SPI_RXReadIndex               
2000102a  SPI_RXWrtIndex                
000023bb  SPI_ReadByte                  
000023d5  SPI_ReadData                  
000022fd  SPI_SendByte                  
00002321  SPI_SendCommand               
0000235d  SPI_SendData                  
20000800  SPI_TXBuff                    
20001031  SPI_TXFlag                    
2000102c  SPI_TXReadIndex               
2000102e  SPI_TXWrtIndex                
000037d1  SVC_Handler                   
000037d1  SysTick_Handler               
20001038  SystemCoreClock               
00001cb1  SystemCoreClockUpdate         
00001f29  SystemInit                    
000037d1  T32_INT1_IRQHandler           
000037d1  T32_INT2_IRQHandler           
000037d1  T32_INTC_IRQHandler           
00001b1d  TA0_0_IRQHandler              
00001b1d  TA0_0_IRQHandler              
000037d1  TA0_N_IRQHandler              
000037d1  TA1_0_IRQHandler              
000037d1  TA1_N_IRQHandler              
000037d1  TA2_0_IRQHandler              
000037d1  TA2_N_IRQHandler              
000037d1  TA3_0_IRQHandler              
000037d1  TA3_N_IRQHandler              
00001ab1  TimerAInit                    
2000101c  USBFlag                       
20000c00  USBRxBuffer                   
20001020  USBRxReadIndex                
20001024  USBRxWriteIndex               
000028bd  UU_EchoBack                   
00002867  UU_InitBridge                 
000037d1  UsageFault_Handler            
4000480c  WDTCTL_SYM                    
000037d1  WDT_A_IRQHandler              
20010000  __STACK_END                   
00000200  __STACK_SIZE                  
00003920  __TI_CINIT_Base               
00003930  __TI_CINIT_Limit              
00003900  __TI_Handler_Table_Base       
0000390c  __TI_Handler_Table_Limit      
00003569  __TI_auto_init_nobinit_nopinit
0000330d  __TI_decompress_lzss          
000037b7  __TI_decompress_none          
ffffffff  __TI_pprof_out_hndl           
000000e5  __TI_printfi                  
ffffffff  __TI_prof_data_size           
ffffffff  __TI_prof_data_start          
00000000  __TI_static_base__            
000037d3  __TI_zero_init                
00003119  __aeabi_cdcmpeq               
00003119  __aeabi_cdcmple               
0000319f  __aeabi_cdrcmple              
00003521  __aeabi_d2iz                  
0000264f  __aeabi_dadd                  
00002acd  __aeabi_ddiv                  
00002e39  __aeabi_dmul                  
00002645  __aeabi_dsub                  
000037e9  __aeabi_errno_addr            
000036cf  __aeabi_i2d                   
00000b43  __aeabi_idiv0                 
00000b43  __aeabi_ldiv0                 
00003225  __aeabi_memclr                
00003225  __aeabi_memclr4               
00003225  __aeabi_memclr8               
00002fe7  __aeabi_memcpy                
00002fe7  __aeabi_memcpy4               
00002fe7  __aeabi_memcpy8               
00003227  __aeabi_memset                
00003227  __aeabi_memset4               
00003227  __aeabi_memset8               
00003083  __aeabi_uldivmod              
ffffffff  __binit__                     
ffffffff  __c_args__                    
UNDEFED   __mpu_init                    
2000fe00  __stack                       
0000362d  _c_int00_noargs               
000037f8  _ctypes_                      
UNDEFED   _system_post_cinit            
000037f1  _system_pre_init              
000037f5  abort                         
000034d5  atoi                          
ffffffff  binit                         
0000377d  copysign                      
0000377d  copysignl                     
20001034  errno                         
00003375  frexp                         
00003375  frexpl                        
00000000  interruptVectors              
00002d29  ldexp                         
00002d29  ldexpl                        
0000342f  ltoa                          
000019e3  main                          
0000371b  memccpy                       
00002fe7  memcpy                        
0000322d  memset                        
00002d29  scalbn                        
00002d29  scalbnl                       
000035ad  sprintf                       
000036fd  strcat                        
00003767  strchr                        
0000374f  strcmp                        
00003791  strlen                        
00003665  strncpy                       
0000369b  strstr                        
000037a5  wcslen                        


GLOBAL SYMBOLS: SORTED BY Symbol Address 

address   name                          
-------   ----                          
00000000  __TI_static_base__            
00000000  interruptVectors              
000000e5  __TI_printfi                  
00000200  __STACK_SIZE                  
00000b43  __aeabi_idiv0                 
00000b43  __aeabi_ldiv0                 
00000b45  Flash_GetDeviceID             
00000bc1  Flash_WriteData               
00000c75  Flash_ReadData                
00000cf7  Flash_GetStatus               
00000d2b  Flash_FormatDevice            
00000d57  Flash_GetMaxIndex             
00000da1  Flash_FindOpenAddr            
00000e11  Flash_StoreFile               
00000eff  Flash_ReadFile                
00000f93  Flash_DeleteFile              
000010d1  Flash_GetMemSize              
00001137  Flash_ParseTitle              
00001191  Flash_DisplayIndex            
00001269  Flash_RTCInit                 
0000130f  Flash_GetTimestamp            
0000136b  Flash_ReadLastTimeStamps      
00001383  Flash_WriteNewTimeStamp       
000014d7  BLE_Init                      
0000152d  BLE_CheckConnStatus           
000015a9  BLE_EchoBack                  
0000163d  BLE_RunCommand                
000016cb  BLE_SendTimestamp             
0000176d  BLE_SetTime                   
000019e3  main                          
00001a6b  InitHardware                  
00001aaf  InitSoftware                  
00001ab1  TimerAInit                    
00001aff  RTC_C_IRQHandler              
00001aff  RTC_C_IRQHandler              
00001b1d  TA0_0_IRQHandler              
00001b1d  TA0_0_IRQHandler              
00001b51  EUSCIA0_IRQHandler            
00001b51  EUSCIA0_IRQHandler            
00001b87  EUSCIA2_IRQHandler            
00001b87  EUSCIA2_IRQHandler            
00001bbd  EUSCIA3_IRQHandler            
00001bbd  EUSCIA3_IRQHandler            
00001bef  ADC14_IRQHandler              
00001bef  ADC14_IRQHandler              
00001cb1  SystemCoreClockUpdate         
00001f29  SystemInit                    
00002281  SPI_PortInit                  
000022fd  SPI_SendByte                  
00002321  SPI_SendCommand               
0000235d  SPI_SendData                  
000023bb  SPI_ReadByte                  
000023d5  SPI_ReadData                  
00002645  __aeabi_dsub                  
0000264f  __aeabi_dadd                  
00002867  UU_InitBridge                 
000028bd  UU_EchoBack                   
00002acd  __aeabi_ddiv                  
00002d29  ldexp                         
00002d29  ldexpl                        
00002d29  scalbn                        
00002d29  scalbnl                       
00002e39  __aeabi_dmul                  
00002fe7  __aeabi_memcpy                
00002fe7  __aeabi_memcpy4               
00002fe7  __aeabi_memcpy8               
00002fe7  memcpy                        
00003083  __aeabi_uldivmod              
00003119  __aeabi_cdcmpeq               
00003119  __aeabi_cdcmple               
0000319f  __aeabi_cdrcmple              
00003225  __aeabi_memclr                
00003225  __aeabi_memclr4               
00003225  __aeabi_memclr8               
00003227  __aeabi_memset                
00003227  __aeabi_memset4               
00003227  __aeabi_memset8               
0000322d  memset                        
0000330d  __TI_decompress_lzss          
00003375  frexp                         
00003375  frexpl                        
0000342f  ltoa                          
000034d5  atoi                          
00003521  __aeabi_d2iz                  
00003569  __TI_auto_init_nobinit_nopinit
000035ad  sprintf                       
0000362d  _c_int00_noargs               
00003665  strncpy                       
0000369b  strstr                        
000036cf  __aeabi_i2d                   
000036fd  strcat                        
0000371b  memccpy                       
0000374f  strcmp                        
00003767  strchr                        
0000377d  copysign                      
0000377d  copysignl                     
00003791  strlen                        
000037a5  wcslen                        
000037b7  __TI_decompress_none          
000037c5  Reset_Handler                 
000037d1  AES256_IRQHandler             
000037d1  BusFault_Handler              
000037d1  COMP_E0_IRQHandler            
000037d1  COMP_E1_IRQHandler            
000037d1  CS_IRQHandler                 
000037d1  DMA_ERR_IRQHandler            
000037d1  DMA_INT0_IRQHandler           
000037d1  DMA_INT1_IRQHandler           
000037d1  DMA_INT2_IRQHandler           
000037d1  DMA_INT3_IRQHandler           
000037d1  DebugMon_Handler              
000037d1  Default_Handler               
000037d1  EUSCIA1_IRQHandler            
000037d1  EUSCIB0_IRQHandler            
000037d1  EUSCIB1_IRQHandler            
000037d1  EUSCIB2_IRQHandler            
000037d1  EUSCIB3_IRQHandler            
000037d1  FLCTL_IRQHandler              
000037d1  FPU_IRQHandler                
000037d1  HardFault_Handler             
000037d1  MemManage_Handler             
000037d1  NMI_Handler                   
000037d1  PCM_IRQHandler                
000037d1  PORT1_IRQHandler              
000037d1  PORT2_IRQHandler              
000037d1  PORT3_IRQHandler              
000037d1  PORT4_IRQHandler              
000037d1  PORT5_IRQHandler              
000037d1  PORT6_IRQHandler              
000037d1  PSS_IRQHandler                
000037d1  PendSV_Handler                
000037d1  SVC_Handler                   
000037d1  SysTick_Handler               
000037d1  T32_INT1_IRQHandler           
000037d1  T32_INT2_IRQHandler           
000037d1  T32_INTC_IRQHandler           
000037d1  TA0_N_IRQHandler              
000037d1  TA1_0_IRQHandler              
000037d1  TA1_N_IRQHandler              
000037d1  TA2_0_IRQHandler              
000037d1  TA2_N_IRQHandler              
000037d1  TA3_0_IRQHandler              
000037d1  TA3_N_IRQHandler              
000037d1  UsageFault_Handler            
000037d1  WDT_A_IRQHandler              
000037d3  __TI_zero_init                
000037e9  __aeabi_errno_addr            
000037f1  _system_pre_init              
000037f5  C$$EXIT                       
000037f5  abort                         
000037f8  _ctypes_                      
00003900  __TI_Handler_Table_Base       
0000390c  __TI_Handler_Table_Limit      
00003920  __TI_CINIT_Base               
00003930  __TI_CINIT_Limit              
20000000  BLERxBuffer                   
20000400  SPI_RXBuff                    
20000800  SPI_TXBuff                    
20000c00  USBRxBuffer                   
20001000  BLEFlag                       
20001004  BLERxReadIndex                
20001008  BLERxWriteIndex               
2000100c  BattInt                       
20001010  ConnTimeout                   
20001014  PanelInt                      
20001018  ProxInt                       
2000101c  USBFlag                       
20001020  USBRxReadIndex                
20001024  USBRxWriteIndex               
20001028  SPI_RXReadIndex               
2000102a  SPI_RXWrtIndex                
2000102c  SPI_TXReadIndex               
2000102e  SPI_TXWrtIndex                
20001030  SPI_RXFlag                    
20001031  SPI_TXFlag                    
20001034  errno                         
20001038  SystemCoreClock               
2000fe00  __stack                       
20010000  __STACK_END                   
4000480c  WDTCTL_SYM                    
ffffffff  __TI_pprof_out_hndl           
ffffffff  __TI_prof_data_size           
ffffffff  __TI_prof_data_start          
ffffffff  __binit__                     
ffffffff  __c_args__                    
ffffffff  binit                         
UNDEFED   __mpu_init                    
UNDEFED   _system_post_cinit            

[188 symbols]
